[debug] [2026-09-16T00:38:12.031Z] ----------------------------------------------------------------------
[debug] [2026-09-16T00:38:12.047Z] Command:       C:\nvm4w\nodejs\node.exe C:\nvm4w\nodejs\node_modules\firebase-tools\lib\bin\firebase.js init hosting
[debug] [2026-09-16T00:38:12.048Z] CLI Version:   15.30.1
[debug] [2026-09-16T00:38:12.049Z] Platform:      win32
[debug] [2026-09-16T00:38:12.049Z] Node Version:  v22.23.2
[debug] [2026-09-16T00:38:12.050Z] Detected Agent: unknown
[debug] [2026-09-16T00:38:12.050Z] Time:          Wed Sep 16 2026 08:38:12 GMT+0800 (Philippine Standard Time)
[debug] [2026-09-16T00:38:12.050Z] ----------------------------------------------------------------------
[debug] 
[info] 
     ######## #### ########  ######## ########     ###     ######  ########
     ##        ##  ##     ## ##       ##     ##  ##   ##  ##       ##
     ######    ##  ########  ######   ########  #########  ######  ######
     ##        ##  ##    ##  ##       ##     ## ##     ##       ## ##
     ##       #### ##     ## ######## ########  ##     ##  ######  ########

You're about to initialize a Firebase project in this directory:

  C:\Users\jerso\Desktop\full-stack-dev

[info] 
=== Project Setup
[info] 
[info] First, let's associate this project directory with a Firebase project.
[info] You can create multiple project aliases by running firebase use --add, 
[info] 
[info] i  If you want to create a project in a Google Cloud organization or folder, please use "firebase projects:create" instead, and return to this command when you've created the project. 
[debug] [2026-09-16T00:39:43.704Z] > command requires scopes: ["email","openid","https://www.googleapis.com/auth/cloudplatformprojects.readonly","https://www.googleapis.com/auth/firebase","https://www.googleapis.com/auth/cloud-platform"]
[debug] [2026-09-16T00:39:43.705Z] > authorizing via signed-in user (jgalabo.myown@gmail.com)
[debug] [2026-09-16T00:39:54.216Z] Checked if tokens are valid: false, expires at: 1789520036548
[debug] [2026-09-16T00:39:54.216Z] Checked if tokens are valid: false, expires at: 1789520036548
[debug] [2026-09-16T00:39:54.217Z] > refreshing access token with scopes: []
[debug] [2026-09-16T00:39:54.224Z] >>> [apiv2][query] POST https://www.googleapis.com/oauth2/v3/token [none]
[debug] [2026-09-16T00:39:54.224Z] >>> [apiv2][body] POST https://www.googleapis.com/oauth2/v3/token [omitted]
[debug] [2026-09-16T00:39:54.549Z] <<< [apiv2][status] POST https://www.googleapis.com/oauth2/v3/token 200
[debug] [2026-09-16T00:39:54.549Z] <<< [apiv2][body] POST https://www.googleapis.com/oauth2/v3/token [omitted]
[debug] [2026-09-16T00:39:54.597Z] >>> [apiv2][query] POST https://firebase.googleapis.com/v1/projects:checkProjectId [none]
[debug] [2026-09-16T00:39:54.597Z] >>> [apiv2][body] POST https://firebase.googleapis.com/v1/projects:checkProjectId {"proposedId":"1Whole"}
[debug] [2026-09-16T00:39:55.038Z] <<< [apiv2][status] POST https://firebase.googleapis.com/v1/projects:checkProjectId 200
[debug] [2026-09-16T00:39:55.038Z] <<< [apiv2][body] POST https://firebase.googleapis.com/v1/projects:checkProjectId {"projectIdStatus":"PROJECT_ID_NOT_VALID","suggestedProjectId":"whole-977af"}
[debug] [2026-09-16T00:40:11.165Z] Checked if tokens are valid: true, expires at: 1789522793549
[debug] [2026-09-16T00:40:11.165Z] Checked if tokens are valid: true, expires at: 1789522793549
[debug] [2026-09-16T00:40:11.167Z] >>> [apiv2][query] POST https://firebase.googleapis.com/v1/projects:checkProjectId [none]
[debug] [2026-09-16T00:40:11.167Z] >>> [apiv2][body] POST https://firebase.googleapis.com/v1/projects:checkProjectId {"proposedId":"1-whole"}
[debug] [2026-09-16T00:40:11.550Z] <<< [apiv2][status] POST https://firebase.googleapis.com/v1/projects:checkProjectId 200
[debug] [2026-09-16T00:40:11.550Z] <<< [apiv2][body] POST https://firebase.googleapis.com/v1/projects:checkProjectId {"projectIdStatus":"PROJECT_ID_NOT_VALID","suggestedProjectId":"whole-b32fb"}
[debug] [2026-09-16T00:40:23.141Z] Checked if tokens are valid: true, expires at: 1789522793549
[debug] [2026-09-16T00:40:23.142Z] Checked if tokens are valid: true, expires at: 1789522793549
[debug] [2026-09-16T00:40:23.143Z] >>> [apiv2][query] POST https://firebase.googleapis.com/v1/projects:checkProjectId [none]
[debug] [2026-09-16T00:40:23.144Z] >>> [apiv2][body] POST https://firebase.googleapis.com/v1/projects:checkProjectId {"proposedId":"whole-b32fb"}
[debug] [2026-09-16T00:40:23.541Z] <<< [apiv2][status] POST https://firebase.googleapis.com/v1/projects:checkProjectId 200
[debug] [2026-09-16T00:40:23.541Z] <<< [apiv2][body] POST https://firebase.googleapis.com/v1/projects:checkProjectId {"projectIdStatus":"PROJECT_ID_AVAILABLE","suggestedProjectId":"whole-b32fb"}
[debug] [2026-09-16T00:40:33.247Z] Checked if tokens are valid: true, expires at: 1789522793549
[debug] [2026-09-16T00:40:33.247Z] Checked if tokens are valid: true, expires at: 1789522793549
[debug] [2026-09-16T00:40:33.248Z] >>> [apiv2][query] POST https://cloudresourcemanager.googleapis.com/v1/projects [none]
[debug] [2026-09-16T00:40:33.248Z] >>> [apiv2][body] POST https://cloudresourcemanager.googleapis.com/v1/projects {"projectId":"whole-b32fb","name":"1Whole"}
[debug] [2026-09-16T00:40:34.553Z] <<< [apiv2][status] POST https://cloudresourcemanager.googleapis.com/v1/projects 200
[debug] [2026-09-16T00:40:34.554Z] <<< [apiv2][body] POST https://cloudresourcemanager.googleapis.com/v1/projects {"name":"operations/create_project.global.5998846017633773957"}
[debug] [2026-09-16T00:40:34.556Z] Checked if tokens are valid: true, expires at: 1789522793549
[debug] [2026-09-16T00:40:34.556Z] Checked if tokens are valid: true, expires at: 1789522793549
[debug] [2026-09-16T00:40:34.557Z] >>> [apiv2][query] GET https://cloudresourcemanager.googleapis.com/v1/operations/create_project.global.5998846017633773957 [none]
[debug] [2026-09-16T00:40:35.498Z] <<< [apiv2][status] GET https://cloudresourcemanager.googleapis.com/v1/operations/create_project.global.5998846017633773957 200
[debug] [2026-09-16T00:40:35.498Z] <<< [apiv2][body] GET https://cloudresourcemanager.googleapis.com/v1/operations/create_project.global.5998846017633773957 {"name":"operations/create_project.global.5998846017633773957"}
[debug] [2026-09-16T00:40:36.000Z] [Project Creation Poller] Retrying task index 0
[debug] [2026-09-16T00:40:36.001Z] Checked if tokens are valid: true, expires at: 1789522793549
[debug] [2026-09-16T00:40:36.001Z] Checked if tokens are valid: true, expires at: 1789522793549
[debug] [2026-09-16T00:40:36.002Z] >>> [apiv2][query] GET https://cloudresourcemanager.googleapis.com/v1/operations/create_project.global.5998846017633773957 [none]
[debug] [2026-09-16T00:40:36.271Z] <<< [apiv2][status] GET https://cloudresourcemanager.googleapis.com/v1/operations/create_project.global.5998846017633773957 200
[debug] [2026-09-16T00:40:36.272Z] <<< [apiv2][body] GET https://cloudresourcemanager.googleapis.com/v1/operations/create_project.global.5998846017633773957 {"name":"operations/create_project.global.5998846017633773957"}
[debug] [2026-09-16T00:40:37.282Z] [Project Creation Poller] Retrying task index 0
[debug] [2026-09-16T00:40:37.283Z] Checked if tokens are valid: true, expires at: 1789522793549
[debug] [2026-09-16T00:40:37.283Z] Checked if tokens are valid: true, expires at: 1789522793549
[debug] [2026-09-16T00:40:37.284Z] >>> [apiv2][query] GET https://cloudresourcemanager.googleapis.com/v1/operations/create_project.global.5998846017633773957 [none]
[debug] [2026-09-16T00:40:37.542Z] <<< [apiv2][status] GET https://cloudresourcemanager.googleapis.com/v1/operations/create_project.global.5998846017633773957 200
[debug] [2026-09-16T00:40:37.542Z] <<< [apiv2][body] GET https://cloudresourcemanager.googleapis.com/v1/operations/create_project.global.5998846017633773957 {"name":"operations/create_project.global.5998846017633773957"}
[debug] [2026-09-16T00:40:39.547Z] [Project Creation Poller] Retrying task index 0
[debug] [2026-09-16T00:40:39.548Z] Checked if tokens are valid: true, expires at: 1789522793549
[debug] [2026-09-16T00:40:39.548Z] Checked if tokens are valid: true, expires at: 1789522793549
[debug] [2026-09-16T00:40:39.549Z] >>> [apiv2][query] GET https://cloudresourcemanager.googleapis.com/v1/operations/create_project.global.5998846017633773957 [none]
[debug] [2026-09-16T00:40:39.831Z] <<< [apiv2][status] GET https://cloudresourcemanager.googleapis.com/v1/operations/create_project.global.5998846017633773957 200
[debug] [2026-09-16T00:40:39.831Z] <<< [apiv2][body] GET https://cloudresourcemanager.googleapis.com/v1/operations/create_project.global.5998846017633773957 {"name":"operations/create_project.global.5998846017633773957","metadata":{"@type":"type.googleapis.com/google.cloudresourcemanager.v1.ProjectCreationStatus","gettable":true,"ready":true},"done":true,"response":{"@type":"type.googleapis.com/google.cloudresourcemanager.v1.Project","projectNumber":"1015926407251","projectId":"whole-b32fb","lifecycleState":"ACTIVE","name":"1Whole","createTime":"2026-09-16T00:40:36.481Z"}}
[debug] [2026-09-16T00:40:39.834Z] Checked if tokens are valid: true, expires at: 1789522793549
[debug] [2026-09-16T00:40:39.834Z] Checked if tokens are valid: true, expires at: 1789522793549
[debug] [2026-09-16T00:40:39.835Z] >>> [apiv2][query] POST https://firebase.googleapis.com/v1beta1/projects/whole-b32fb:addFirebase [none]
[debug] [2026-09-16T00:40:43.576Z] <<< [apiv2][status] POST https://firebase.googleapis.com/v1beta1/projects/whole-b32fb:addFirebase 200
[debug] [2026-09-16T00:40:43.576Z] <<< [apiv2][body] POST https://firebase.googleapis.com/v1beta1/projects/whole-b32fb:addFirebase {"name":"operations/workflows/NTgzYThiYTMtYTJiMi00ZGVhLWI4MmYtMmQyNWQ3NzU5NWJl"}
[debug] [2026-09-16T00:40:43.577Z] Checked if tokens are valid: true, expires at: 1789522793549
[debug] [2026-09-16T00:40:43.577Z] Checked if tokens are valid: true, expires at: 1789522793549
[debug] [2026-09-16T00:40:43.577Z] >>> [apiv2][query] GET https://firebase.googleapis.com/v1beta1/operations/workflows/NTgzYThiYTMtYTJiMi00ZGVhLWI4MmYtMmQyNWQ3NzU5NWJl [none]
[debug] [2026-09-16T00:40:49.429Z] <<< [apiv2][status] GET https://firebase.googleapis.com/v1beta1/operations/workflows/NTgzYThiYTMtYTJiMi00ZGVhLWI4MmYtMmQyNWQ3NzU5NWJl 200
[debug] [2026-09-16T00:40:49.429Z] <<< [apiv2][body] GET https://firebase.googleapis.com/v1beta1/operations/workflows/NTgzYThiYTMtYTJiMi00ZGVhLWI4MmYtMmQyNWQ3NzU5NWJl {"name":"operations/workflows/NTgzYThiYTMtYTJiMi00ZGVhLWI4MmYtMmQyNWQ3NzU5NWJl"}
[debug] [2026-09-16T00:40:49.929Z] [Add Firebase Poller] Retrying task index 0
[debug] [2026-09-16T00:40:49.930Z] Checked if tokens are valid: true, expires at: 1789522793549
[debug] [2026-09-16T00:40:49.930Z] Checked if tokens are valid: true, expires at: 1789522793549
[debug] [2026-09-16T00:40:49.931Z] >>> [apiv2][query] GET https://firebase.googleapis.com/v1beta1/operations/workflows/NTgzYThiYTMtYTJiMi00ZGVhLWI4MmYtMmQyNWQ3NzU5NWJl [none]
[debug] [2026-09-16T00:40:51.009Z] <<< [apiv2][status] GET https://firebase.googleapis.com/v1beta1/operations/workflows/NTgzYThiYTMtYTJiMi00ZGVhLWI4MmYtMmQyNWQ3NzU5NWJl 200
[debug] [2026-09-16T00:40:51.009Z] <<< [apiv2][body] GET https://firebase.googleapis.com/v1beta1/operations/workflows/NTgzYThiYTMtYTJiMi00ZGVhLWI4MmYtMmQyNWQ3NzU5NWJl {"name":"operations/workflows/NTgzYThiYTMtYTJiMi00ZGVhLWI4MmYtMmQyNWQ3NzU5NWJl"}
[debug] [2026-09-16T00:40:52.023Z] [Add Firebase Poller] Retrying task index 0
[debug] [2026-09-16T00:40:52.024Z] Checked if tokens are valid: true, expires at: 1789522793549
[debug] [2026-09-16T00:40:52.024Z] Checked if tokens are valid: true, expires at: 1789522793549
[debug] [2026-09-16T00:40:52.024Z] >>> [apiv2][query] GET https://firebase.googleapis.com/v1beta1/operations/workflows/NTgzYThiYTMtYTJiMi00ZGVhLWI4MmYtMmQyNWQ3NzU5NWJl [none]
[debug] [2026-09-16T00:40:53.127Z] <<< [apiv2][status] GET https://firebase.googleapis.com/v1beta1/operations/workflows/NTgzYThiYTMtYTJiMi00ZGVhLWI4MmYtMmQyNWQ3NzU5NWJl 200
[debug] [2026-09-16T00:40:53.127Z] <<< [apiv2][body] GET https://firebase.googleapis.com/v1beta1/operations/workflows/NTgzYThiYTMtYTJiMi00ZGVhLWI4MmYtMmQyNWQ3NzU5NWJl {"name":"operations/workflows/NTgzYThiYTMtYTJiMi00ZGVhLWI4MmYtMmQyNWQ3NzU5NWJl"}
[debug] [2026-09-16T00:40:55.130Z] [Add Firebase Poller] Retrying task index 0
[debug] [2026-09-16T00:40:55.131Z] Checked if tokens are valid: true, expires at: 1789522793549
[debug] [2026-09-16T00:40:55.131Z] Checked if tokens are valid: true, expires at: 1789522793549
[debug] [2026-09-16T00:40:55.131Z] >>> [apiv2][query] GET https://firebase.googleapis.com/v1beta1/operations/workflows/NTgzYThiYTMtYTJiMi00ZGVhLWI4MmYtMmQyNWQ3NzU5NWJl [none]
[debug] [2026-09-16T00:40:56.143Z] <<< [apiv2][status] GET https://firebase.googleapis.com/v1beta1/operations/workflows/NTgzYThiYTMtYTJiMi00ZGVhLWI4MmYtMmQyNWQ3NzU5NWJl 200
[debug] [2026-09-16T00:40:56.144Z] <<< [apiv2][body] GET https://firebase.googleapis.com/v1beta1/operations/workflows/NTgzYThiYTMtYTJiMi00ZGVhLWI4MmYtMmQyNWQ3NzU5NWJl {"name":"operations/workflows/NTgzYThiYTMtYTJiMi00ZGVhLWI4MmYtMmQyNWQ3NzU5NWJl"}
[debug] [2026-09-16T00:41:00.146Z] [Add Firebase Poller] Retrying task index 0
[debug] [2026-09-16T00:41:00.148Z] Checked if tokens are valid: true, expires at: 1789522793549
[debug] [2026-09-16T00:41:00.148Z] Checked if tokens are valid: true, expires at: 1789522793549
[debug] [2026-09-16T00:41:00.149Z] >>> [apiv2][query] GET https://firebase.googleapis.com/v1beta1/operations/workflows/NTgzYThiYTMtYTJiMi00ZGVhLWI4MmYtMmQyNWQ3NzU5NWJl [none]
[debug] [2026-09-16T00:41:01.315Z] <<< [apiv2][status] GET https://firebase.googleapis.com/v1beta1/operations/workflows/NTgzYThiYTMtYTJiMi00ZGVhLWI4MmYtMmQyNWQ3NzU5NWJl 200
[debug] [2026-09-16T00:41:01.315Z] <<< [apiv2][body] GET https://firebase.googleapis.com/v1beta1/operations/workflows/NTgzYThiYTMtYTJiMi00ZGVhLWI4MmYtMmQyNWQ3NzU5NWJl {"name":"operations/workflows/NTgzYThiYTMtYTJiMi00ZGVhLWI4MmYtMmQyNWQ3NzU5NWJl","done":true,"response":{"@type":"type.googleapis.com/google.firebase.service.v1beta1.FirebaseProject","projectId":"whole-b32fb","projectNumber":"1015926407251","displayName":"1Whole","name":"projects/whole-b32fb","resources":{"hostingSite":"whole-b32fb"}}}
[info] 
[info] === Your Firebase project is ready! ===
[info] 
[info] Project information:
[info]    - Project ID: whole-b32fb
[info]    - Project Name: 1Whole
[info] 
[info] Firebase console is available at
[info] https://console.firebase.google.com/project/whole-b32fb/overview
[info] 
=== Hosting Setup
[debug] [2026-09-16T00:42:02.533Z] ----------------------------------------------------------------------
[debug] [2026-09-16T00:42:02.541Z] Command:       C:\nvm4w\nodejs\node.exe C:\nvm4w\nodejs\node_modules\firebase-tools\lib\bin\firebase.js init hosting
[debug] [2026-09-16T00:42:02.542Z] CLI Version:   15.30.1
[debug] [2026-09-16T00:42:02.542Z] Platform:      win32
[debug] [2026-09-16T00:42:02.542Z] Node Version:  v22.23.2
[debug] [2026-09-16T00:42:02.543Z] Detected Agent: unknown
[debug] [2026-09-16T00:42:02.543Z] Time:          Wed Sep 16 2026 08:42:02 GMT+0800 (Philippine Standard Time)
[debug] [2026-09-16T00:42:02.544Z] ----------------------------------------------------------------------
[debug] 
[info] 
     ######## #### ########  ######## ########     ###     ######  ########
     ##        ##  ##     ## ##       ##     ##  ##   ##  ##       ##
     ######    ##  ########  ######   ########  #########  ######  ######
     ##        ##  ##    ##  ##       ##     ## ##     ##       ## ##
     ##       #### ##     ## ######## ########  ##     ##  ######  ########

You're about to initialize a Firebase project in this directory:

  C:\Users\jerso\Desktop\full-stack-dev

[info] 
=== Project Setup
[info] 
[info] First, let's associate this project directory with a Firebase project.
[info] You can create multiple project aliases by running firebase use --add, 
[info] 
[debug] [2026-09-16T00:42:11.185Z] > command requires scopes: ["email","openid","https://www.googleapis.com/auth/cloudplatformprojects.readonly","https://www.googleapis.com/auth/firebase","https://www.googleapis.com/auth/cloud-platform"]
[debug] [2026-09-16T00:42:11.186Z] > authorizing via signed-in user (jgalabo.myown@gmail.com)
[debug] [2026-09-16T00:42:11.225Z] Checked if tokens are valid: true, expires at: 1789522793549
[debug] [2026-09-16T00:42:11.225Z] Checked if tokens are valid: true, expires at: 1789522793549
[debug] [2026-09-16T00:42:11.229Z] >>> [apiv2][query] GET https://firebase.googleapis.com/v1beta1/projects/whole-b32fb [none]
[debug] [2026-09-16T00:42:12.352Z] <<< [apiv2][status] GET https://firebase.googleapis.com/v1beta1/projects/whole-b32fb 200
[debug] [2026-09-16T00:42:12.352Z] <<< [apiv2][body] GET https://firebase.googleapis.com/v1beta1/projects/whole-b32fb {"projectId":"whole-b32fb","projectNumber":"1015926407251","displayName":"1Whole","name":"projects/whole-b32fb","resources":{"hostingSite":"whole-b32fb"},"state":"ACTIVE","labels":{"firebase":"enabled"},"etag":"1_87e5a6ae-373f-4428-98a3-5c018735b0c7"}
[info] i  Using project whole-b32fb (1Whole) . 
[info] 
=== Hosting Setup
[debug] [2026-09-16T00:45:40.386Z] ----------------------------------------------------------------------
[debug] [2026-09-16T00:45:40.395Z] Command:       C:\nvm4w\nodejs\node.exe C:\nvm4w\nodejs\node_modules\firebase-tools\lib\bin\firebase.js init
[debug] [2026-09-16T00:45:40.396Z] CLI Version:   15.30.1
[debug] [2026-09-16T00:45:40.397Z] Platform:      win32
[debug] [2026-09-16T00:45:40.397Z] Node Version:  v22.23.2
[debug] [2026-09-16T00:45:40.398Z] Detected Agent: unknown
[debug] [2026-09-16T00:45:40.399Z] Time:          Wed Sep 16 2026 08:45:40 GMT+0800 (Philippine Standard Time)
[debug] [2026-09-16T00:45:40.399Z] ----------------------------------------------------------------------
[debug] 
[info] 
     ######## #### ########  ######## ########     ###     ######  ########
     ##        ##  ##     ## ##       ##     ##  ##   ##  ##       ##
     ######    ##  ########  ######   ########  #########  ######  ######
     ##        ##  ##    ##  ##       ##     ## ##     ##       ## ##
     ##       #### ##     ## ######## ########  ##     ##  ######  ########

You're about to initialize a Firebase project in this directory:

  C:\Users\jerso\Desktop\full-stack-dev

[info] 
=== Project Setup
[info] 
[info] First, let's associate this project directory with a Firebase project.
[info] You can create multiple project aliases by running firebase use --add, 
[info] 
[debug] [2026-09-16T00:47:27.487Z] > command requires scopes: ["email","openid","https://www.googleapis.com/auth/cloudplatformprojects.readonly","https://www.googleapis.com/auth/firebase","https://www.googleapis.com/auth/cloud-platform"]
[debug] [2026-09-16T00:47:27.488Z] > authorizing via signed-in user (jgalabo.myown@gmail.com)
[debug] [2026-09-16T00:47:27.527Z] Checked if tokens are valid: true, expires at: 1789522793549
[debug] [2026-09-16T00:47:27.527Z] Checked if tokens are valid: true, expires at: 1789522793549
[debug] [2026-09-16T00:47:27.531Z] >>> [apiv2][query] GET https://firebase.googleapis.com/v1beta1/projects/whole-b32fb [none]
[debug] [2026-09-16T00:47:28.073Z] <<< [apiv2][status] GET https://firebase.googleapis.com/v1beta1/projects/whole-b32fb 200
[debug] [2026-09-16T00:47:28.073Z] <<< [apiv2][body] GET https://firebase.googleapis.com/v1beta1/projects/whole-b32fb {"projectId":"whole-b32fb","projectNumber":"1015926407251","displayName":"1Whole","name":"projects/whole-b32fb","resources":{"hostingSite":"whole-b32fb"},"state":"ACTIVE","labels":{"firebase":"enabled"},"etag":"1_87e5a6ae-373f-4428-98a3-5c018735b0c7"}
[info] i  Using project whole-b32fb (1Whole) . 
[info] 
=== Database Setup
[info] 
[info] Firebase Realtime Database Security Rules allow you to define how your data should be
[info] structured and when your data can be read from and written to.
[info] 
[debug] [2026-09-16T00:47:34.698Z] ExitPromptError: User force closed the prompt with SIGINT
    at Interface.sigint (C:\Users\jerso\AppData\Local\nvm\v22.23.2\node_modules\firebase-tools\node_modules\@inquirer\core\dist\commonjs\lib\create-prompt.js:101:37)
    at Interface.emit (node:events:519:28)
    at [_ttyWrite] [as _ttyWrite] (node:internal/readline/interface:1144:18)
    at ReadStream.onkeypress (node:internal/readline/interface:271:20)
    at ReadStream.emit (node:events:531:35)
    at emitKeys (node:internal/readline/utils:370:14)
    at emitKeys.next (<anonymous>)
    at ReadStream.onData (node:internal/readline/emitKeypressEvents:64:36)
    at ReadStream.emit (node:events:519:28)
    at addChunk (node:internal/streams/readable:561:12)
[error] 
[error] Error: An unexpected error has occurred.
